../Core/Src/main.c:103:7:HAL_TIM_IC_CaptureCallback	16	static
../Core/Src/main.c:146:5:main	32	static
../Core/Src/main.c:321:6:SystemClock_Config	88	static
../Core/Src/main.c:367:13:MX_ADC1_Init	24	static
../Core/Src/main.c:418:13:MX_CAN1_Init	8	static
../Core/Src/main.c:454:13:MX_I2C1_Init	8	static
../Core/Src/main.c:487:13:MX_TIM2_Init	32	static
../Core/Src/main.c:538:13:MX_TIM4_Init	32	static
../Core/Src/main.c:582:13:MX_USART2_UART_Init	8	static
../Core/Src/main.c:614:13:MX_GPIO_Init	56	static
../Core/Src/main.c:691:6:usDelay	16	static
../Core/Src/main.c:710:6:Error_Handler	4	static,ignoring_inline_asm
